main.c:65:6:HAL_UART_RxCpltCallback	16	static
main.c:72:6:led1_0s5	8	static
main.c:75:6:led2_1s	8	static
main.c:78:6:led3_1s5	8	static
main.c:81:6:led4_2s	8	static
main.c:84:6:led1S_3s	8	static
main.c:87:6:ledBtn	8	static
main.c:92:6:led5_2s5	8	static
main.c:101:5:main	8	static
main.c:154:6:SystemClock_Config	72	static
main.c:190:13:MX_TIM2_Init	32	static
main.c:235:13:MX_USART2_UART_Init	8	static
main.c:268:13:MX_GPIO_Init	32	static
main.c:297:6:HAL_TIM_PeriodElapsedCallback	16	static
main.c:307:6:Error_Handler	4	static,ignoring_inline_asm
